Archive member included to satisfy reference by file (symbol)

./../third_party/psyq/lib\libc.a(c63.o)
                              main.o (printf)
./../third_party/psyq/lib\libetc.a(vmode.o)
                              main.o (SetVideoMode)
./../third_party/psyq/lib\libetc.a(vsync.o)
                              main.o (VSync)
./../third_party/psyq/lib\libetc.a(intr_vb.o)
                              ./../third_party/psyq/lib\libetc.a(vsync.o) (Vcount)
./../third_party/psyq/lib\libetc.a(intr.o)
                              ./../third_party/psyq/lib\libetc.a(intr_vb.o) (InterruptCallback)
./../third_party/psyq/lib\libetc.a(intr_dma.o)
                              ./../third_party/psyq/lib\libetc.a(intr.o) (startIntrDMA)
./../third_party/psyq/lib\libgpu.a(font.o)
                              main.o (FntFlush)
./../third_party/psyq/lib\libgpu.a(p06.o)
                              ./../third_party/psyq/lib\libgpu.a(font.o) (AddPrim)
./../third_party/psyq/lib\libgpu.a(p09.o)
                              ./../third_party/psyq/lib\libgpu.a(font.o) (TermPrim)
./../third_party/psyq/lib\libgpu.a(p10.o)
                              ./../third_party/psyq/lib\libgpu.a(font.o) (SetSemiTrans)
./../third_party/psyq/lib\libgpu.a(p12.o)
                              main.o (SetPolyF3)
./../third_party/psyq/lib\libgpu.a(p20.o)
                              ./../third_party/psyq/lib\libgpu.a(font.o) (SetSprt8)
./../third_party/psyq/lib\libgpu.a(p26.o)
                              ./../third_party/psyq/lib\libgpu.a(font.o) (SetTile)
./../third_party/psyq/lib\libgpu.a(p41.o)
                              ./../third_party/psyq/lib\libgpu.a(font.o) (SetDrawMode)
./../third_party/psyq/lib\libgpu.a(sys.o)
                              main.o (DrawPrim)
./../third_party/psyq/lib\libgpu.a(e00.o)
                              ./../third_party/psyq/lib\libgpu.a(font.o) (LoadTPage)
./../third_party/psyq/lib\libgpu.a(e02.o)
                              ./../third_party/psyq/lib\libgpu.a(font.o) (LoadClut2)
./../third_party/psyq/lib\libgpu.a(p00.o)
                              ./../third_party/psyq/lib\libgpu.a(e00.o) (GetTPage)
./../third_party/psyq/lib\libgpu.a(p01.o)
                              ./../third_party/psyq/lib\libgpu.a(e02.o) (GetClut)
./../third_party/psyq/lib\libgs.a(2d_prim.o)
                              main.o (GsSortPoly)
./../third_party/psyq/lib\libgs.a(global.o)
                              ./../third_party/psyq/lib\libgs.a(2d_prim.o) (GsOUT_PACKET_P)
./../third_party/psyq/lib\libgs.a(gs_001.o)
                              ./../third_party/psyq/lib\libgs.a(2d_prim.o) (GsORGOFSY)
./../third_party/psyq/lib\libgs.a(gs_0021.o)
                              main.o (GsGetActiveBuff)
./../third_party/psyq/lib\libgs.a(gs_0022.o)
                              ./../third_party/psyq/lib\libgs.a(gs_001.o) (GsSetDrawBuffOffset)
./../third_party/psyq/lib\libgs.a(gs_003.o)
                              ./../third_party/psyq/lib\libgs.a(gs_001.o) (GsSetDrawBuffClip)
./../third_party/psyq/lib\libgs.a(gs_010.o)
                              main.o (GsSwapDispBuff)
./../third_party/psyq/lib\libgs.a(gs_103.o)
                              main.o (GsDefDispBuff)
./../third_party/psyq/lib\libgs.a(gs_104.o)
                              ./../third_party/psyq/lib\libgs.a(gs_001.o) (HWD0)
./../third_party/psyq/lib\libgs.a(gs_107.o)
                              ./../third_party/psyq/lib\libgs.a(gs_001.o) (GsLIGHTWSMATRIX)
./../third_party/psyq/lib\libgs.a(gs_111.o)
                              main.o (GsDrawOt)
./../third_party/psyq/lib\libgs.a(gs_113.o)
                              main.o (GsClearOt)
./../third_party/psyq/lib\libgs.a(gs_121.o)
                              ./../third_party/psyq/lib\libgs.a(gs_001.o) (gte_init)
./../third_party/psyq/lib\libgs.a(gs_124.o)
                              main.o (GsSetWorkBase)
./../third_party/psyq/lib\libgs.a(gs_128.o)
                              ./../third_party/psyq/lib\libgs.a(gs_001.o) (GsIDMATRIX)
./../third_party/psyq/lib\libgs.a(2d_com1.o)
                              ./../third_party/psyq/lib\libgs.a(2d_prim.o) (_make_packet)
./../third_party/psyq/lib\libgte.a(msc00.o)
                              ./../third_party/psyq/lib\libgs.a(gs_121.o) (InitGeom)
./../third_party/psyq/lib\libgte.a(msc01.o)
                              ./../third_party/psyq/lib\libgs.a(gs_107.o) (SquareRoot0)
./../third_party/psyq/lib\libgte.a(mtx_11.o)
                              ./../third_party/psyq/lib\libgs.a(gs_107.o) (SetColorMatrix)
./../third_party/psyq/lib\libgte.a(patchgte.o)
                              ./../third_party/psyq/lib\libgte.a(msc00.o) (_patch_gte)
./../third_party/psyq/lib\libgte.a(reg11.o)
                              ./../third_party/psyq/lib\libgs.a(gs_121.o) (SetFarColor)
./../third_party/psyq/lib\libgte.a(reg12.o)
                              ./../third_party/psyq/lib\libgs.a(gs_0022.o) (SetGeomOffset)
./../third_party/psyq/lib\libgte.a(sqrtbl.o)
                              ./../third_party/psyq/lib\libgte.a(msc01.o) (SQRT)
./../third_party/psyq/lib\libapi.a(a23.o)
                              ./../third_party/psyq/lib\libetc.a(intr.o) (ReturnFromException)
./../third_party/psyq/lib\libapi.a(a24.o)
                              ./../third_party/psyq/lib\libetc.a(intr.o) (ResetEntryInt)
./../third_party/psyq/lib\libapi.a(a25.o)
                              ./../third_party/psyq/lib\libetc.a(intr.o) (HookEntryInt)
./../third_party/psyq/lib\libapi.a(a36.o)
                              ./../third_party/psyq/lib\libetc.a(intr.o) (EnterCriticalSection)
./../third_party/psyq/lib\libapi.a(a37.o)
                              ./../third_party/psyq/lib\libetc.a(intr.o) (ExitCriticalSection)
./../third_party/psyq/lib\libapi.a(a91.o)
                              ./../third_party/psyq/lib\libetc.a(vsync.o) (ChangeClearPAD)
./../third_party/psyq/lib\libapi.a(c114.o)
                              ./../third_party/psyq/lib\libetc.a(intr.o) (_96_remove)
./../third_party/psyq/lib\libapi.a(c68.o)
                              ./../third_party/psyq/lib\libgte.a(patchgte.o) (FlushCache)
./../third_party/psyq/lib\libapi.a(c73.o)
                              ./../third_party/psyq/lib\libgpu.a(sys.o) (GPU_cw)
./../third_party/psyq/lib\libapi.a(l10.o)
                              ./../third_party/psyq/lib\libetc.a(vsync.o) (ChangeClearRCnt)
./../third_party/psyq/lib\libc.a(a63.o)
                              ./../third_party/psyq/lib\libetc.a(vsync.o) (puts)
./../third_party/psyq/lib\libc.a(c19.o)
                              ./../third_party/psyq/lib\libetc.a(intr.o) (setjmp)
./../third_party/psyq/lib\libc.a(c27.o)
                              ./../third_party/psyq/lib\libgpu.a(font.o) (strlen)
./../third_party/psyq/lib\libc.a(c42.o)
                              ./../third_party/psyq/lib\libgpu.a(sys.o) (memcpy)
./../third_party/psyq/lib\libc.a(c43.o)
                              ./../third_party/psyq/lib\libgpu.a(font.o) (memset)

Discarded input sections

 .text          0x0000000000000000        0x0 main.o
 .data          0x0000000000000000        0x0 main.o
 .MIPS.abiflags
                0x0000000000000000       0x18 main.o
 .pdr           0x0000000000000000       0xc0 main.o
 .sdata         0x0000000000000000        0xc main.o
 .text          0x0000000000000000        0x0 ./../third_party/common/syscalls/printf.o
 .data          0x0000000000000000        0x0 ./../third_party/common/syscalls/printf.o
 .bss           0x0000000000000000        0x0 ./../third_party/common/syscalls/printf.o
 .reginfo       0x0000000000000000       0x18 ./../third_party/common/syscalls/printf.o
 .MIPS.abiflags
                0x0000000000000000       0x18 ./../third_party/common/syscalls/printf.o
 .pdr           0x0000000000000000        0x0 ./../third_party/common/syscalls/printf.o
 .ramtext       0x0000000000000000        0xc ./../third_party/common/syscalls/printf.o
 .debug_line    0x0000000000000000       0x4b ./../third_party/common/syscalls/printf.o
 .debug_line_str
                0x0000000000000000       0x4a ./../third_party/common/syscalls/printf.o
 .debug_info    0x0000000000000000       0x24 ./../third_party/common/syscalls/printf.o
 .debug_abbrev  0x0000000000000000       0x14 ./../third_party/common/syscalls/printf.o
 .debug_aranges
                0x0000000000000000       0x20 ./../third_party/common/syscalls/printf.o
 .debug_str     0x0000000000000000       0x4d ./../third_party/common/syscalls/printf.o
 .gnu.attributes
                0x0000000000000000       0x10 ./../third_party/common/syscalls/printf.o
 .text          0x0000000000000000        0x0 ./../third_party/common/crt0/crt0.o
 .data          0x0000000000000000        0x0 ./../third_party/common/crt0/crt0.o
 .bss           0x0000000000000000        0x0 ./../third_party/common/crt0/crt0.o
 .reginfo       0x0000000000000000       0x18 ./../third_party/common/crt0/crt0.o
 .MIPS.abiflags
                0x0000000000000000       0x18 ./../third_party/common/crt0/crt0.o
 .data          0x0000000000000000       0x10 ./../third_party/psyq/lib\libgs.a(global.o)
 .data          0x0000000000000000       0x10 ./../third_party/psyq/lib\libgs.a(gs_001.o)
 .text          0x0000000000000000       0x80 ./../third_party/psyq/lib\libgs.a(gs_104.o)
 .text          0x0000000000000000      0x570 ./../third_party/psyq/lib\libgs.a(gs_107.o)
 .text          0x0000000000000000       0x90 ./../third_party/psyq/lib\libgte.a(msc01.o)
 .text          0x0000000000000000       0x30 ./../third_party/psyq/lib\libgte.a(mtx_11.o)
 .data          0x0000000000000000      0x180 ./../third_party/psyq/lib\libgte.a(sqrtbl.o)

Memory Configuration

Name             Origin             Length             Attributes
loader           0x000000008000f800 0x0000000000000800
ram              0x0000000080010000 0x00000000001f0000 xrw
dcache           0x000000001f800000 0x0000000000000400
*default*        0x0000000000000000 0xffffffffffffffff

Linker script and memory map

LOAD main.o
LOAD ./../third_party/common/syscalls/printf.o
LOAD ./../third_party/common/crt0/crt0.o
START GROUP
LOAD ./../third_party/psyq/lib\libapi.a
LOAD ./../third_party/psyq/lib\libc.a
LOAD ./../third_party/psyq/lib\libc2.a
LOAD ./../third_party/psyq/lib\libcard.a
LOAD ./../third_party/psyq/lib\libcomb.a
LOAD ./../third_party/psyq/lib\libds.a
LOAD ./../third_party/psyq/lib\libetc.a
LOAD ./../third_party/psyq/lib\libgpu.a
LOAD ./../third_party/psyq/lib\libgs.a
LOAD ./../third_party/psyq/lib\libgte.a
LOAD ./../third_party/psyq/lib\libgpu.a
LOAD ./../third_party/psyq/lib\libgun.a
LOAD ./../third_party/psyq/lib\libhmd.a
LOAD ./../third_party/psyq/lib\libmath.a
LOAD ./../third_party/psyq/lib\libmcrd.a
LOAD ./../third_party/psyq/lib\libmcx.a
LOAD ./../third_party/psyq/lib\libpad.a
LOAD ./../third_party/psyq/lib\libpress.a
LOAD ./../third_party/psyq/lib\libsio.a
LOAD ./../third_party/psyq/lib\libsnd.a
LOAD ./../third_party/psyq/lib\libspu.a
LOAD ./../third_party/psyq/lib\libtap.a
END GROUP
                0x000000008001e728                __heap_base = __bss_end
                0x0000000080010000                TLOAD_ADDR = DEFINED (TLOAD_ADDR)?TLOAD_ADDR:0x80010000
                0x0000000080200000                __ram_top = (ORIGIN (ram) + LENGTH (ram))
                0x00000000801fff00                __sp = (__ram_top - 0x100)
                0x000000001f800000                __dcache = ORIGIN (dcache)
                0x000000001f800400                __dcache_top = (ORIGIN (dcache) + LENGTH (dcache))
                0x0000000000005f28                __bss_len = (__bss_end - __bss_start)
                0x0000000000005f00                __ftext_len = (__ftext_end - __ftext_start)
                0x0000000000002900                __fdata_len = (__fdata_end - __fdata_start)
                0x0000000080200000                __stack_start = (ORIGIN (ram) + LENGTH (ram))

.PSX_EXE_Header
                0x000000008000f800      0x800
                0x000000008000f800        0x1 BYTE 0x50
                0x000000008000f801        0x1 BYTE 0x53
                0x000000008000f802        0x1 BYTE 0x2d
                0x000000008000f803        0x1 BYTE 0x58
                0x000000008000f804        0x1 BYTE 0x20
                0x000000008000f805        0x1 BYTE 0x45
                0x000000008000f806        0x1 BYTE 0x58
                0x000000008000f807        0x1 BYTE 0x45
                0x000000008000f808        0x4 LONG 0x0
                0x000000008000f80c        0x4 LONG 0x0
                0x000000008000f810        0x4 LONG 0x80010000 ABSOLUTE (_start)
                0x000000008000f814        0x4 LONG 0x0
                0x000000008000f818        0x4 LONG 0x80010000 TLOAD_ADDR
                0x000000008000f81c        0x4 LONG 0x8800 (__ftext_len + __fdata_len)
                0x000000008000f820        0x4 LONG 0x0
                0x000000008000f824        0x4 LONG 0x0
                0x000000008000f828        0x4 LONG 0x0
                0x000000008000f82c        0x4 LONG 0x0
                0x000000008000f830        0x4 LONG 0x801fff00 DEFINED (_sp)?ABSOLUTE (_sp):0x801fff00
                0x000000008000f834        0x4 LONG 0x0
                0x0000000080010000                . = (. + 0x7c8)
 *fill*         0x000000008000f838      0x7c8 
                0x0000000080010000                __ftext_start = ABSOLUTE (.)

.text           0x0000000080010000     0x5f00
 *(.start)
 .start         0x0000000080010000       0x64 ./../third_party/common/crt0/crt0.o
                0x0000000080010000                _start
 *(.init)
 *(SORT_NONE(.fini))
 *(.text.unlikely .text.*_unlikely .text.unlikely.*)
 *(.text.exit .text.exit.*)
 *(.text.startup .text.startup.*)
 .text.startup.main
                0x0000000080010064      0x220 main.o
                0x0000000080010064                main
 *(.text.hot .text.hot.*)
 *(.text .stub .text.* .gnu.linkonce.t.*)
 .text.DrawSolidTri
                0x0000000080010284       0xf8 main.o
                0x0000000080010284                DrawSolidTri
 .text.DrawTransTri
                0x000000008001037c      0x104 main.o
                0x000000008001037c                DrawTransTri
 .text.ColorAnimation
                0x0000000080010480      0x118 main.o
                0x0000000080010480                ColorAnimation
 .text.graphics
                0x0000000080010598       0x90 main.o
                0x0000000080010598                graphics
 .text.display  0x0000000080010628       0xd4 main.o
                0x0000000080010628                display
 *fill*         0x00000000800106fc        0x4 
 .text          0x0000000080010700       0x10 ./../third_party/psyq/lib\libc.a(c63.o)
                0x0000000080010700                printf
 .text          0x0000000080010710       0x30 ./../third_party/psyq/lib\libetc.a(vmode.o)
                0x0000000080010710                SetVideoMode
                0x0000000080010724                GetVideoMode
 .text          0x0000000080010740      0x210 ./../third_party/psyq/lib\libetc.a(vsync.o)
                0x0000000080010740                VSync
 .text          0x0000000080010950      0x120 ./../third_party/psyq/lib\libetc.a(intr_vb.o)
                0x0000000080010950                startIntrVSync
 .text          0x0000000080010a70      0x6c0 ./../third_party/psyq/lib\libetc.a(intr.o)
                0x0000000080010a70                ResetCallback
                0x0000000080010aa0                InterruptCallback
                0x0000000080010ad0                DMACallback
                0x0000000080010b00                VSyncCallback
                0x0000000080010b34                VSyncCallbacks
                0x0000000080010b64                StopCallback
                0x0000000080010b94                RestartCallback
                0x0000000080010bc4                CheckCallback
                0x0000000080010bd4                GetIntrMask
                0x0000000080010bec                SetIntrMask
 .text          0x0000000080011130      0x2a0 ./../third_party/psyq/lib\libetc.a(intr_dma.o)
                0x0000000080011130                startIntrDMA
 .text          0x00000000800113d0      0xa80 ./../third_party/psyq/lib\libgpu.a(font.o)
                0x00000000800113d0                SetDumpFnt
                0x0000000080011410                FntLoad
                0x00000000800114b0                FntOpen
                0x000000008001176c                FntFlush
                0x0000000080011a88                FntPrint
 .text          0x0000000080011e50       0x40 ./../third_party/psyq/lib\libgpu.a(p06.o)
                0x0000000080011e50                AddPrim
 .text          0x0000000080011e90       0x20 ./../third_party/psyq/lib\libgpu.a(p09.o)
                0x0000000080011e90                TermPrim
 .text          0x0000000080011eb0       0x30 ./../third_party/psyq/lib\libgpu.a(p10.o)
                0x0000000080011eb0                SetSemiTrans
 .text          0x0000000080011ee0       0x20 ./../third_party/psyq/lib\libgpu.a(p12.o)
                0x0000000080011ee0                SetPolyF3
 .text          0x0000000080011f00       0x20 ./../third_party/psyq/lib\libgpu.a(p20.o)
                0x0000000080011f00                SetSprt8
 .text          0x0000000080011f20       0x20 ./../third_party/psyq/lib\libgpu.a(p26.o)
                0x0000000080011f20                SetTile
 .text          0x0000000080011f40       0xa0 ./../third_party/psyq/lib\libgpu.a(p41.o)
                0x0000000080011f40                SetDrawMode
 .text          0x0000000080011fe0     0x2f00 ./../third_party/psyq/lib\libgpu.a(sys.o)
                0x0000000080011fe0                ResetGraph
                0x0000000080012154                SetGraphDebug
                0x00000000800121b0                SetGraphQueue
                0x0000000080012254                GetGraphDebug
                0x0000000080012264                DrawSyncCallback
                0x00000000800122c4                SetDispMask
                0x000000008001235c                DrawSync
                0x00000000800124e0                ClearImage
                0x0000000080012570                ClearImage2
                0x0000000080012608                LoadImage
                0x0000000080012668                StoreImage
                0x00000000800126c8                MoveImage
                0x0000000080012780                ClearOTag
                0x0000000080012848                ClearOTagR
                0x00000000800128f4                DrawPrim
                0x0000000080012950                DrawOTag
                0x00000000800129c0                PutDrawEnv
                0x0000000080012a80                DrawOTagEnv
                0x0000000080012b58                GetDrawEnv
                0x0000000080012b8c                PutDispEnv
                0x0000000080013084                GetDispEnv
                0x00000000800130b8                GetODE
                0x00000000800130e8                SetDrawArea
                0x0000000080013168                SetDrawOffset
                0x00000000800131a8                SetDrawEnv
                0x0000000080014a78                LoadImage2
                0x0000000080014b64                StoreImage2
                0x0000000080014c50                MoveImage2
                0x0000000080014d94                DrawOTag2
                0x0000000080014e90                _GPU_ResetCallback
 .text          0x0000000080014ee0       0xf0 ./../third_party/psyq/lib\libgpu.a(e00.o)
                0x0000000080014ee0                LoadTPage
 .text          0x0000000080014fd0       0x70 ./../third_party/psyq/lib\libgpu.a(e02.o)
                0x0000000080014fd0                LoadClut2
 .text          0x0000000080015040       0x40 ./../third_party/psyq/lib\libgpu.a(p00.o)
                0x0000000080015040                GetTPage
 .text          0x0000000080015080       0x20 ./../third_party/psyq/lib\libgpu.a(p01.o)
                0x0000000080015080                GetClut
 .text          0x00000000800150a0      0x1d0 ./../third_party/psyq/lib\libgs.a(2d_prim.o)
                0x00000000800150a0                GsSortPoly
 .text          0x0000000080015270      0x550 ./../third_party/psyq/lib\libgs.a(gs_001.o)
                0x0000000080015270                GsInitGraph
                0x0000000080015400                GsInitGraph2
                0x0000000080015688                GsSortClear
 .text          0x00000000800157c0       0x10 ./../third_party/psyq/lib\libgs.a(gs_0021.o)
                0x00000000800157c0                GsGetActiveBuff
 .text          0x00000000800157d0      0x110 ./../third_party/psyq/lib\libgs.a(gs_0022.o)
                0x00000000800157d0                GsSetDrawBuffOffset
 .text          0x00000000800158e0       0x80 ./../third_party/psyq/lib\libgs.a(gs_003.o)
                0x00000000800158e0                GsSetDrawBuffClip
 .text          0x0000000080015960       0xb0 ./../third_party/psyq/lib\libgs.a(gs_010.o)
                0x0000000080015960                GsSwapDispBuff
 .text          0x0000000080015a10       0xa0 ./../third_party/psyq/lib\libgs.a(gs_103.o)
                0x0000000080015a10                GsDefDispBuff
 .text          0x0000000080015ab0       0x30 ./../third_party/psyq/lib\libgs.a(gs_111.o)
                0x0000000080015ab0                GsDrawOt
 .text          0x0000000080015ae0       0x60 ./../third_party/psyq/lib\libgs.a(gs_113.o)
                0x0000000080015ae0                GsClearOt
 .text          0x0000000080015b40       0x50 ./../third_party/psyq/lib\libgs.a(gs_121.o)
                0x0000000080015b40                gte_init
 .text          0x0000000080015b90       0x10 ./../third_party/psyq/lib\libgs.a(gs_124.o)
                0x0000000080015b90                GsSetWorkBase
 .text          0x0000000080015ba0       0xa0 ./../third_party/psyq/lib\libgs.a(2d_com1.o)
                0x0000000080015ba0                _make_packet
 .text          0x0000000080015c40       0x90 ./../third_party/psyq/lib\libgte.a(msc00.o)
                0x0000000080015c48                InitGeom
 .text          0x0000000080015cd0       0xe0 ./../third_party/psyq/lib\libgte.a(patchgte.o)
                0x0000000080015cd0                _patch_gte
 .text          0x0000000080015db0       0x20 ./../third_party/psyq/lib\libgte.a(reg11.o)
                0x0000000080015db0                SetFarColor
 .text          0x0000000080015dd0       0x20 ./../third_party/psyq/lib\libgte.a(reg12.o)
                0x0000000080015dd0                SetGeomOffset
 .text          0x0000000080015df0       0x10 ./../third_party/psyq/lib\libapi.a(a23.o)
                0x0000000080015df0                ReturnFromException
 .text          0x0000000080015e00       0x10 ./../third_party/psyq/lib\libapi.a(a24.o)
                0x0000000080015e00                ResetEntryInt
 .text          0x0000000080015e10       0x10 ./../third_party/psyq/lib\libapi.a(a25.o)
                0x0000000080015e10                HookEntryInt
 .text          0x0000000080015e20       0x10 ./../third_party/psyq/lib\libapi.a(a36.o)
                0x0000000080015e20                EnterCriticalSection
 .text          0x0000000080015e30       0x10 ./../third_party/psyq/lib\libapi.a(a37.o)
                0x0000000080015e30                ExitCriticalSection
 .text          0x0000000080015e40       0x10 ./../third_party/psyq/lib\libapi.a(a91.o)
                0x0000000080015e40                ChangeClearPAD
 .text          0x0000000080015e50       0x20 ./../third_party/psyq/lib\libapi.a(c114.o)
                0x0000000080015e58                _96_remove
 .text          0x0000000080015e70       0x10 ./../third_party/psyq/lib\libapi.a(c68.o)
                0x0000000080015e70                FlushCache
 .text          0x0000000080015e80       0x10 ./../third_party/psyq/lib\libapi.a(c73.o)
                0x0000000080015e80                GPU_cw
 .text          0x0000000080015e90       0x10 ./../third_party/psyq/lib\libapi.a(l10.o)
                0x0000000080015e90                ChangeClearRCnt
 .text          0x0000000080015ea0       0x20 ./../third_party/psyq/lib\libc.a(a63.o)
                0x0000000080015ea8                puts
 .text          0x0000000080015ec0       0x10 ./../third_party/psyq/lib\libc.a(c19.o)
                0x0000000080015ec0                setjmp
 .text          0x0000000080015ed0       0x10 ./../third_party/psyq/lib\libc.a(c27.o)
                0x0000000080015ed0                strlen
 .text          0x0000000080015ee0       0x10 ./../third_party/psyq/lib\libc.a(c42.o)
                0x0000000080015ee0                memcpy
 .text          0x0000000080015ef0       0x10 ./../third_party/psyq/lib\libc.a(c43.o)
                0x0000000080015ef0                memset
                0x0000000080015f00                . = ALIGN (0x10)
 *(.init)
                0x0000000080015f00                . = ALIGN (0x10)
 *(.fini)
                0x0000000080015f00                . = ALIGN (0x10)
                0x0000000080015f00                __text_end = .
                0x0000000080015f00                __ftext_end = ABSOLUTE (.)
                0x0000000080015f00                __fdata_start = ABSOLUTE (.)

.rodata         0x0000000080015f00      0x4d0
 *(.rodata .rodata.* .rdata .rdata.* .gnu.linkonce.r.*)
 .rodata.str1.4
                0x0000000080015f00      0x11f main.o
 *fill*         0x000000008001601f        0x1 
 .rodata        0x0000000080016020       0x10 ./../third_party/common/crt0/crt0.o
 .rdata         0x0000000080016030       0x10 ./../third_party/psyq/lib\libetc.a(vsync.o)
 .rdata         0x0000000080016040       0x70 ./../third_party/psyq/lib\libetc.a(intr.o)
 .rdata         0x00000000800160b0       0x30 ./../third_party/psyq/lib\libetc.a(intr_dma.o)
 .rdata         0x00000000800160e0       0xa0 ./../third_party/psyq/lib\libgpu.a(font.o)
 .rdata         0x0000000080016180      0x220 ./../third_party/psyq/lib\libgpu.a(sys.o)
 .rdata         0x00000000800163a0       0x30 ./../third_party/psyq/lib\libgs.a(2d_com1.o)
                0x00000000800163d0                . = ALIGN (0x10)
                0x00000000800163d0                __preinit_array_start = .
 *(.preinit_array)
                0x00000000800163d0                __preinit_array_end = .
                0x00000000800163d0                . = ALIGN (0x10)
                0x00000000800163d0                __init_array_start = .
 *(SORT_BY_NAME(.init_array.*))
 *(.init_array)
                0x00000000800163d0                . = ALIGN (0x10)
 *crtbegin.o(.ctors)
 *(EXCLUDE_FILE(*crtend.o) .ctors)
 *(SORT_BY_NAME(.ctors.*))
 *crtend.o(.ctors)
                0x00000000800163d0                __init_array_end = .
                0x00000000800163d0                . = ALIGN (0x10)
                0x00000000800163d0                __fini_array_start = .
 *(.fini_array)
 *(SORT_BY_NAME(.fini_array.*))
 *crtbegin.o(.dtors)
 *(EXCLUDE_FILE(*crtend.o) .dtors)
 *(SORT_BY_NAME(.dtors.*))
 *crtend.o(.dtors)
                0x00000000800163d0                __fini_array_end = .
                0x00000000800163d0                __build_id = .
 *(.note.gnu.build-id)
                0x00000000800163d0                __build_id_end = .

.rel.dyn        0x00000000800163d0        0x0
 .rel.dyn       0x00000000800163d0        0x0 ./../third_party/psyq/lib\libgpu.a(sys.o)

.rodata1
 *(.rodata1)
                0x00000000800163d0                __data_start = .

.data           0x00000000800163d0     0x2430
 *(.a0table)
 *(.data .data.* .gnu.linkonce.d.*)
 .data          0x00000000800163d0       0x10 ./../third_party/psyq/lib\libetc.a(vmode.o)
 .data          0x00000000800163e0       0x20 ./../third_party/psyq/lib\libetc.a(vsync.o)
                0x00000000800163f0                Hcount
 .data          0x0000000080016400       0x30 ./../third_party/psyq/lib\libetc.a(intr_vb.o)
                0x0000000080016420                Vcount
 .data          0x0000000080016430     0x1100 ./../third_party/psyq/lib\libetc.a(intr.o)
 .data          0x0000000080017530       0x30 ./../third_party/psyq/lib\libetc.a(intr_dma.o)
 .data          0x0000000080017560      0xb90 ./../third_party/psyq/lib\libgpu.a(font.o)
                0x0000000080017560                Font
 .data          0x00000000800180f0      0x1a0 ./../third_party/psyq/lib\libgpu.a(sys.o)
                0x000000008001813c                GPU_printf
                0x0000000080018140                GEnv
                0x0000000080018268                _qin
                0x000000008001826c                _qout
 .data          0x0000000080018290       0x10 ./../third_party/psyq/lib\libgte.a(msc00.o)
 *(.data1)
 *(.sdata .sdata.* .gnu.linkonce.s.*)
 *(.sdata2 .sdata2.* .gnu.linkonce.s2.*)
 *(.got.plt)
 *(.got)
                0x0000000080018800                . = ALIGN (0x800)
 *fill*         0x00000000800182a0      0x560 
                0x0000000080018800                __data_end = .
                0x0000000080018800                __fdata_end = .
                0x0000000080018800                __bss_start = .

.sbss           0x0000000080018800     0x5f28
 *(.dynsbss)
 *(.sbss .sbss.* .gnu.linkonce.sb.*)
 .sbss          0x0000000080018800       0x16 main.o
                0x0000000080018800                RGBColor
                0x0000000080018808                RGBColorFlag
                0x0000000080018810                Counter
                0x0000000080018814                CurrentBuffer
 *(.scommon)
 *(.dynbss)
 *(.bss .bss.* .gnu.linkonce.b.*)
 *fill*         0x0000000080018816        0x2 
 .bss           0x0000000080018818       0xb0 main.o
                0x0000000080018818                pf3
                0x000000008001882c                GPUPacketArea
                0x0000000080018890                myOT_TAG
                0x00000000800188a0                myOT
 .bss           0x00000000800188c8     0x4410 ./../third_party/psyq/lib\libgpu.a(font.o)
 .bss           0x000000008001ccd8     0x1850 ./../third_party/psyq/lib\libgpu.a(sys.o)
                0x000000008001cd28                _que
 .bss           0x000000008001e528       0x54 ./../third_party/psyq/lib\libgs.a(global.o)
                0x000000008001e528                GsOUT_PACKET_P
                0x000000008001e530                GsMATE_C
                0x000000008001e538                GsLMODE
                0x000000008001e540                GsLIGNR
                0x000000008001e548                GsLIOFF
                0x000000008001e550                GsZOVER
                0x000000008001e558                GsBACKC
                0x000000008001e560                GsNDIV
                0x000000008001e568                GsTRATE
                0x000000008001e570                GsTON
                0x000000008001e578                GsDISPON
 *fill*         0x000000008001e57c        0x4 
 .bss           0x000000008001e580       0xea ./../third_party/psyq/lib\libgs.a(gs_001.o)
                0x000000008001e5a0                PSDIDX
                0x000000008001e5a8                GsDRAWENV
                0x000000008001e608                GsDISPENV
                0x000000008001e620                PSDGPU
                0x000000008001e628                PSDBASEX
                0x000000008001e630                PSDBASEY
                0x000000008001e638                POSITION
                0x000000008001e640                CLIP2
                0x000000008001e648                PSDCNT
                0x000000008001e650                PSDOFSX
                0x000000008001e658                PSDOFSY
                0x000000008001e660                GsORGOFSX
                0x000000008001e668                GsORGOFSY
 *fill*         0x000000008001e66a        0x6 
 .bss           0x000000008001e670       0x24 ./../third_party/psyq/lib\libgs.a(gs_104.o)
                0x000000008001e670                HWD0
                0x000000008001e678                VWD0
                0x000000008001e680                GsCLIP3near
                0x000000008001e688                GsLIGHT_MODE
                0x000000008001e690                GsCLIP3far
 *fill*         0x000000008001e694        0x4 
 .bss           0x000000008001e698       0x40 ./../third_party/psyq/lib\libgs.a(gs_107.o)
                0x000000008001e698                GsLIGHTWSMATRIX
                0x000000008001e6b8                _LC
 .bss           0x000000008001e6d8       0x40 ./../third_party/psyq/lib\libgs.a(gs_128.o)
                0x000000008001e6d8                GsIDMATRIX
                0x000000008001e6f8                GsIDMATRIX2
 .bss           0x000000008001e718       0x10 ./../third_party/psyq/lib\libgte.a(patchgte.o)
 *(COMMON)
                0x000000008001e728                . = ALIGN (0x4)
                0x000000008001e728                __bss_end = .
                0x000000008001e728                __heap_start = __heap_base
                0x000000008000f800                . = (ADDR (.text) - 0x800)
                0x000000008000f800                __end = .

/DISCARD/
 *(.MIPS.abiflags)

/DISCARD/
 *(.rel.iplt)
 *(.rela.iplt)
 *(.rel.plt)
 *(.rela.plt)
 *(.plt)
 *(.iplt)

/DISCARD/
 *(.note.GNU-stack)
 *(.gnu_debuglink)
 *(.gnu.lto_*)

.scratchpad
 *(.scratchpad)
OUTPUT(HelloWorld.elf elf32-littlemips)

.reginfo        0x0000000000000000       0x18
 .reginfo       0x0000000000000000       0x18 main.o

.mdebug.abi32   0x0000000000000000        0x0
 .mdebug.abi32  0x0000000000000000        0x0 main.o

.comment        0x0000000000000000       0x12
 .comment       0x0000000000000000       0x12 main.o
                                         0x13 (size before relaxing)

.gnu.attributes
                0x0000000000000000       0x10
 .gnu.attributes
                0x0000000000000000       0x10 main.o
 .gnu.attributes
                0x0000000000000010       0x10 ./../third_party/common/crt0/crt0.o

.pdr            0x0000000000000000        0x0
 .pdr           0x0000000000000000        0x0 ./../third_party/common/crt0/crt0.o

.note           0x0000000000000000     0x19d4
 .note          0x0000000000000000       0x74 ./../third_party/psyq/lib\libc.a(c63.o)
 .note          0x0000000000000074       0x74 ./../third_party/psyq/lib\libetc.a(vmode.o)
 .note          0x00000000000000e8       0x74 ./../third_party/psyq/lib\libetc.a(vsync.o)
 .note          0x000000000000015c       0x74 ./../third_party/psyq/lib\libetc.a(intr_vb.o)
 .note          0x00000000000001d0       0x74 ./../third_party/psyq/lib\libetc.a(intr.o)
 .note          0x0000000000000244       0x74 ./../third_party/psyq/lib\libetc.a(intr_dma.o)
 .note          0x00000000000002b8       0x74 ./../third_party/psyq/lib\libgpu.a(font.o)
 .note          0x000000000000032c       0x74 ./../third_party/psyq/lib\libgpu.a(p06.o)
 .note          0x00000000000003a0       0x74 ./../third_party/psyq/lib\libgpu.a(p09.o)
 .note          0x0000000000000414       0x74 ./../third_party/psyq/lib\libgpu.a(p10.o)
 .note          0x0000000000000488       0x74 ./../third_party/psyq/lib\libgpu.a(p12.o)
 .note          0x00000000000004fc       0x74 ./../third_party/psyq/lib\libgpu.a(p20.o)
 .note          0x0000000000000570       0x74 ./../third_party/psyq/lib\libgpu.a(p26.o)
 .note          0x00000000000005e4       0x74 ./../third_party/psyq/lib\libgpu.a(p41.o)
 .note          0x0000000000000658       0x74 ./../third_party/psyq/lib\libgpu.a(sys.o)
 .note          0x00000000000006cc       0x74 ./../third_party/psyq/lib\libgpu.a(e00.o)
 .note          0x0000000000000740       0x74 ./../third_party/psyq/lib\libgpu.a(e02.o)
 .note          0x00000000000007b4       0x74 ./../third_party/psyq/lib\libgpu.a(p00.o)
 .note          0x0000000000000828       0x74 ./../third_party/psyq/lib\libgpu.a(p01.o)
 .note          0x000000000000089c       0x74 ./../third_party/psyq/lib\libgs.a(2d_prim.o)
 .note          0x0000000000000910       0x74 ./../third_party/psyq/lib\libgs.a(global.o)
 .note          0x0000000000000984       0x74 ./../third_party/psyq/lib\libgs.a(gs_001.o)
 .note          0x00000000000009f8       0x74 ./../third_party/psyq/lib\libgs.a(gs_0021.o)
 .note          0x0000000000000a6c       0x74 ./../third_party/psyq/lib\libgs.a(gs_0022.o)
 .note          0x0000000000000ae0       0x74 ./../third_party/psyq/lib\libgs.a(gs_003.o)
 .note          0x0000000000000b54       0x74 ./../third_party/psyq/lib\libgs.a(gs_010.o)
 .note          0x0000000000000bc8       0x74 ./../third_party/psyq/lib\libgs.a(gs_103.o)
 .note          0x0000000000000c3c       0x74 ./../third_party/psyq/lib\libgs.a(gs_104.o)
 .note          0x0000000000000cb0       0x74 ./../third_party/psyq/lib\libgs.a(gs_107.o)
 .note          0x0000000000000d24       0x74 ./../third_party/psyq/lib\libgs.a(gs_111.o)
 .note          0x0000000000000d98       0x74 ./../third_party/psyq/lib\libgs.a(gs_113.o)
 .note          0x0000000000000e0c       0x74 ./../third_party/psyq/lib\libgs.a(gs_121.o)
 .note          0x0000000000000e80       0x74 ./../third_party/psyq/lib\libgs.a(gs_124.o)
 .note          0x0000000000000ef4       0x74 ./../third_party/psyq/lib\libgs.a(gs_128.o)
 .note          0x0000000000000f68       0x74 ./../third_party/psyq/lib\libgs.a(2d_com1.o)
 .note          0x0000000000000fdc       0x74 ./../third_party/psyq/lib\libgte.a(msc00.o)
 .note          0x0000000000001050       0x74 ./../third_party/psyq/lib\libgte.a(msc01.o)
 .note          0x00000000000010c4       0x74 ./../third_party/psyq/lib\libgte.a(mtx_11.o)
 .note          0x0000000000001138       0x74 ./../third_party/psyq/lib\libgte.a(patchgte.o)
 .note          0x00000000000011ac       0x74 ./../third_party/psyq/lib\libgte.a(reg11.o)
 .note          0x0000000000001220       0x74 ./../third_party/psyq/lib\libgte.a(reg12.o)
 .note          0x0000000000001294       0x74 ./../third_party/psyq/lib\libgte.a(sqrtbl.o)
 .note          0x0000000000001308       0x74 ./../third_party/psyq/lib\libapi.a(a23.o)
 .note          0x000000000000137c       0x74 ./../third_party/psyq/lib\libapi.a(a24.o)
 .note          0x00000000000013f0       0x74 ./../third_party/psyq/lib\libapi.a(a25.o)
 .note          0x0000000000001464       0x74 ./../third_party/psyq/lib\libapi.a(a36.o)
 .note          0x00000000000014d8       0x74 ./../third_party/psyq/lib\libapi.a(a37.o)
 .note          0x000000000000154c       0x74 ./../third_party/psyq/lib\libapi.a(a91.o)
 .note          0x00000000000015c0       0x74 ./../third_party/psyq/lib\libapi.a(c114.o)
 .note          0x0000000000001634       0x74 ./../third_party/psyq/lib\libapi.a(c68.o)
 .note          0x00000000000016a8       0x74 ./../third_party/psyq/lib\libapi.a(c73.o)
 .note          0x000000000000171c       0x74 ./../third_party/psyq/lib\libapi.a(l10.o)
 .note          0x0000000000001790       0x74 ./../third_party/psyq/lib\libc.a(a63.o)
 .note          0x0000000000001804       0x74 ./../third_party/psyq/lib\libc.a(c19.o)
 .note          0x0000000000001878       0x74 ./../third_party/psyq/lib\libc.a(c27.o)
 .note          0x00000000000018ec       0x74 ./../third_party/psyq/lib\libc.a(c42.o)
 .note          0x0000000000001960       0x74 ./../third_party/psyq/lib\libc.a(c43.o)

.debug_info     0x0000000000000000      0xb52
 .debug_info    0x0000000000000000      0xb2e main.o
 .debug_info    0x0000000000000b2e       0x24 ./../third_party/common/crt0/crt0.o

.debug_abbrev   0x0000000000000000      0x2c1
 .debug_abbrev  0x0000000000000000      0x2ad main.o
 .debug_abbrev  0x00000000000002ad       0x14 ./../third_party/common/crt0/crt0.o

.debug_loclists
                0x0000000000000000      0x1f8
 .debug_loclists
                0x0000000000000000      0x1f8 main.o

.debug_aranges  0x0000000000000000       0x68
 .debug_aranges
                0x0000000000000000       0x48 main.o
 .debug_aranges
                0x0000000000000048       0x20 ./../third_party/common/crt0/crt0.o

.debug_rnglists
                0x0000000000000000       0x43
 .debug_rnglists
                0x0000000000000000       0x43 main.o

.debug_line     0x0000000000000000      0x3ac
 .debug_line    0x0000000000000000      0x351 main.o
 .debug_line    0x0000000000000351       0x5b ./../third_party/common/crt0/crt0.o

.debug_str      0x0000000000000000      0x334
 .debug_str     0x0000000000000000      0x306 main.o
                                        0x318 (size before relaxing)
 .debug_str     0x0000000000000306       0x2e ./../third_party/common/crt0/crt0.o
                                         0x47 (size before relaxing)

.debug_frame    0x0000000000000000       0xfc
 .debug_frame   0x0000000000000000       0xfc main.o

.debug_line_str
                0x0000000000000000       0x3b
 .debug_line_str
                0x0000000000000000       0x3b ./../third_party/common/crt0/crt0.o
                                         0x42 (size before relaxing)
